Application     C:\Users\Mohamed\Documents\Stage_HCP\first_application.ent
Type            ENTRY
Input Data      <<CSPro DB>> C:\Users\Mohamed\Documents\Stage_HCP\input.csdb

Date            Jul 27, 2021
Start Time      16:36:58
End Time        16:42:03



CSPro Executor Normal End
------------------------------------------------------------------------------------------------------------------------
Application     C:\Users\Mohamed\Documents\Stage_HCP\first_application.ent
Type            ENTRY
Input Data      <<CSPro DB>> C:\Users\Mohamed\Documents\Stage_HCP\input.csdb

Date            Jul 28, 2021
Start Time      12:38:42
End Time        12:38:54



CSPro Executor Normal End
------------------------------------------------------------------------------------------------------------------------
Application     C:\Users\Mohamed\Documents\Stage_HCP\first_application.ent
Type            ENTRY
Input Data      <<CSPro DB>> C:\Users\Mohamed\Documents\Stage_HCP\input.csdb

Date            Jul 28, 2021
Start Time      12:40:11
End Time        12:41:07



CSPro Executor Normal End
------------------------------------------------------------------------------------------------------------------------
Application     C:\Users\Mohamed\Documents\Stage_HCP\first_application.ent
Type            ENTRY
Input Data      <<CSPro DB>> C:\Users\Mohamed\Documents\Stage_HCP\input.csdb

Date            Jul 28, 2021
Start Time      12:46:17
End Time        13:36:09


System messages:

  Number        Freq         Message Text                                                                               
  ------        ----         ------------                                                                               
   88889           2         WARNING: Out of range! Please enter a valid value for %s%s                                 
   99990           2         Operator entered a value out of range                                                      


CSPro Executor Normal End
------------------------------------------------------------------------------------------------------------------------
Application     C:\Users\Mohamed\Documents\Stage_HCP\first_application.ent
Type            ENTRY
Input Data      <<CSPro DB>> C:\Users\Mohamed\Documents\Stage_HCP\input.csdb

Date            Aug 01, 2021
Start Time      11:43:39
End Time        11:49:09


System messages:

  Number        Freq         Message Text                                                                               
  ------        ----         ------------                                                                               
   88889           5         WARNING: Out of range! Please enter a valid value for %s%s                                 
   99990           5         Operator entered a value out of range                                                      


CSPro Executor Normal End
------------------------------------------------------------------------------------------------------------------------
Application     C:\Users\Mohamed\Documents\Stage_HCP\first_application.ent
Type            ENTRY
Input Data      <<CSPro DB>> C:\Users\Mohamed\Documents\Stage_HCP\input.csdb

Date            Aug 01, 2021
Start Time      11:49:09
End Time        11:49:11


System messages:

  Number        Freq         Message Text                                                                               
  ------        ----         ------------                                                                               
   88889           5         WARNING: Out of range! Please enter a valid value for %s%s                                 
   99990           5         Operator entered a value out of range                                                      


CSPro Executor Normal End
------------------------------------------------------------------------------------------------------------------------
Application     C:\Users\Mohamed\Documents\Stage_HCP\first_application.ent
Type            ENTRY
Input Data      <<CSPro DB>> C:\Users\Mohamed\Documents\Stage_HCP\input.csdb

Date            Aug 01, 2021
Start Time      11:49:20
End Time        11:49:27



CSPro Executor Normal End
------------------------------------------------------------------------------------------------------------------------
Application     C:\Users\Mohamed\Documents\Stage_HCP\first_application.ent
Type            ENTRY
Input Data      <<CSPro DB>> C:\Users\Mohamed\Documents\Stage_HCP\input.csdb

Date            Aug 01, 2021
Start Time      11:50:17
End Time        11:50:37



CSPro Executor Normal End
------------------------------------------------------------------------------------------------------------------------
Application     C:\Users\Mohamed\Documents\Stage_HCP\first_application.ent
Type            ENTRY
Input Data      <<CSPro DB>> C:\Users\Mohamed\Documents\Stage_HCP\input.csdb

Date            Aug 01, 2021
Start Time      11:54:22
End Time        12:07:56


System messages:

  Number        Freq         Message Text                                                                               
  ------        ----         ------------                                                                               
    1026           1         All of the ID fields were not filled, please reenter                                       
   88889           3         WARNING: Out of range! Please enter a valid value for %s%s                                 
   99990           3         Operator entered a value out of range                                                      


CSPro Executor Normal End
------------------------------------------------------------------------------------------------------------------------
Application     C:\Users\Mohamed\Documents\Stage_HCP\first_application.ent
Type            ENTRY
Input Data      <<CSPro DB>> C:\Users\Mohamed\Documents\Stage_HCP\input.csdb

Date            Aug 01, 2021
Start Time      12:07:57
End Time        12:31:37


System messages:

  Number        Freq         Message Text                                                                               
  ------        ----         ------------                                                                               
    1026           1         All of the ID fields were not filled, please reenter                                       
   88889           3         WARNING: Out of range! Please enter a valid value for %s%s                                 
   99990           3         Operator entered a value out of range                                                      


CSPro Executor Normal End
------------------------------------------------------------------------------------------------------------------------
Application     C:\Users\Mohamed\Documents\Stage_HCP\first_application.ent
Type            ENTRY
Input Data      <<CSPro DB>> C:\Users\Mohamed\Documents\Stage_HCP\input.csdb

Date            Aug 01, 2021
Start Time      12:34:51
End Time        12:35:26


User unnumbered messages:

    Line        Freq    %    Message Text                                                                          Denom
    ----        ----  -----  ------------                                                                          -----
       9           1      -  C'est un capital trop petit !                                                             -


CSPro Executor Normal End
------------------------------------------------------------------------------------------------------------------------
Application     C:\Users\Mohamed\Documents\Stage_HCP\first_application.ent
Type            ENTRY
Input Data      <<CSPro DB>> C:\Users\Mohamed\Documents\Stage_HCP\input.csdb

Date            Aug 01, 2021
Start Time      12:42:02
End Time        12:42:26


User unnumbered messages:

    Line        Freq    %    Message Text                                                                          Denom
    ----        ----  -----  ------------                                                                          -----
       9           1      -  C'est un capital trop petit !                                                             -


CSPro Executor Normal End
------------------------------------------------------------------------------------------------------------------------
